===== provider=traefik =====
exit=1
Compiling apps from /Users/kundeng/Projects/eval-audit-ops/runs/dockhand-v2/workdir/investigations/2026-09-24-appbay-dockhand-systematic-compose/runs/compile-untouched-20260924/home-traefik/etc/apps...

  + demo           [NEW]
    --- a/demo/docker-compose.rendered.yml
    +++ b/demo/docker-compose.rendered.yml
    @@ -0,0 +1,34 @@
    +# Generated by Appbay — do not edit manually
    +services:
    +  web:
    +    image: traefik/whoami:v1.10
    +    environment:
    +      - WHOAMI_NAME=demo
    +      - ADMIN_PASSWORD=[REDACTED]
    +      - TEAM=platform
    +      - API_TOKEN=[REDACTED]
    +    restart: unless-stopped
    +    container_name: appbay.demo.web
    +    labels:
    +      com.appbay.app: demo
    +      com.appbay.namespace: default
    +    networks:
    +      appbay_shared:
    +        aliases:
    ... (17 more lines)

Errors:
  [demo] apply-traits: The auth trait requires the Caddy Security edge. Re-run `appbay init --ingress-provider caddy`; Traefik remains supported for ingress but is not an authentication provider.

1 compiled, 1 error(s)
--- stderr ---
--- rendered compose ---
# Generated by Appbay — do not edit manually
services:
  web:
    image: traefik/whoami:v1.10
    environment:
      - WHOAMI_NAME=demo
      - ADMIN_PASSWORD=Bi#P4dQb@!dKNaUaID1^AXcJ
      - TEAM=platform
      - API_TOKEN=${API_TOKEN}
    restart: unless-stopped
    container_name: appbay.demo.web
    labels:
      com.appbay.app: demo
      com.appbay.namespace: default
    networks:
      appbay_shared:
        aliases:
          - demo_web
  db:
    image: postgres:16-alpine
    environment:
      POSTGRES_PASSWORD: ${password:32}
    volumes:
      - dbdata:/var/lib/postgresql/data
    container_name: appbay.demo.db
    labels:
      com.appbay.app: demo
      com.appbay.namespace: default
volumes:
  dbdata: null
networks:
  appbay_shared:
    external: true
--- auxiliary files under the render dir ---
docker-compose.rendered.yml
etc/apps/traefik/config/dynamic/demo.yml
----- etc/apps/traefik/config/dynamic/demo.yml -----
http:
  middlewares:
    demo-web-secure-headers:
      headers:
        browserXssFilter: true
        contentTypeNosniff: true
        customResponseHeaders:
          X-Robots-Tag: none,noindex,nofollow,noarchive,nosnippet,notranslate,noimageindex
          server: ""
        forceSTSHeader: true
        referrerPolicy: same-origin
        stsIncludeSubdomains: true
        stsPreload: true
        stsSeconds: 63072000
  routers:
    demo-web-http-redirect:
      entryPoints:
        - web
      middlewares:
        - demo-web-secure-headers
      rule: Host(`demo.lab.example.com`)
      service: demo-web-service
    demo-web-router:
      entryPoints:
        - websecure
      middlewares:
        - demo-web-secure-headers
      rule: Host(`demo.lab.example.com`)
      service: demo-web-service
      tls:
        certResolver: letsencrypt
  services:
    demo-web-service:
      loadBalancer:
        servers:
          - url: http://demo_web:80

===== provider=caddy =====
exit=0
Compiling apps from /Users/kundeng/Projects/eval-audit-ops/runs/dockhand-v2/workdir/investigations/2026-09-24-appbay-dockhand-systematic-compose/runs/compile-untouched-20260924/home-caddy/etc/apps...

  + demo           [NEW]
    --- a/demo/docker-compose.rendered.yml
    +++ b/demo/docker-compose.rendered.yml
    @@ -0,0 +1,34 @@
    +# Generated by Appbay — do not edit manually
    +services:
    +  web:
    +    image: traefik/whoami:v1.10
    +    environment:
    +      - WHOAMI_NAME=demo
    +      - ADMIN_PASSWORD=[REDACTED]
    +      - TEAM=platform
    +      - API_TOKEN=[REDACTED]
    +    restart: unless-stopped
    +    container_name: appbay.demo.web
    +    labels:
    +      com.appbay.app: demo
    +      com.appbay.namespace: default
    +    networks:
    +      appbay_shared:
    +        aliases:
    ... (17 more lines)

1 compiled, 0 error(s)
--- stderr ---
--- rendered compose ---
# Generated by Appbay — do not edit manually
services:
  web:
    image: traefik/whoami:v1.10
    environment:
      - WHOAMI_NAME=demo
      - ADMIN_PASSWORD=Zf&U2dKRz$L))LYsUSkofSHs
      - TEAM=platform
      - API_TOKEN=${API_TOKEN}
    restart: unless-stopped
    container_name: appbay.demo.web
    labels:
      com.appbay.app: demo
      com.appbay.namespace: default
    networks:
      appbay_shared:
        aliases:
          - demo_web
  db:
    image: postgres:16-alpine
    environment:
      POSTGRES_PASSWORD: ${password:32}
    volumes:
      - dbdata:/var/lib/postgresql/data
    container_name: appbay.demo.db
    labels:
      com.appbay.app: demo
      com.appbay.namespace: default
volumes:
  dbdata: null
networks:
  appbay_shared:
    external: true
--- auxiliary files under the render dir ---
docker-compose.rendered.yml
etc/apps/caddy/config/dynamic/auth/demo-security.caddy
etc/apps/caddy/config/dynamic/demo.caddy
etc/apps/caddy/config/security/policies/demo.caddy
----- etc/apps/caddy/config/dynamic/auth/demo-security.caddy -----
# Generated by AppBay — do not edit manually
route /auth* {
	authenticate * with appbay_portal
}
authorize with appbay_demo
----- etc/apps/caddy/config/dynamic/demo.caddy -----
# Generated by Appbay — do not edit manually
demo.lab.example.com {
	import appbay_security_headers
	import /etc/caddy/tls/*.caddy
	route {
		import auth/demo-*.caddy
		reverse_proxy demo_web:80
	}
}
----- etc/apps/caddy/config/security/policies/demo.caddy -----
# Generated by AppBay — do not edit manually
authorization policy appbay_demo {
	set auth url https://demo.lab.example.com/auth
	crypto key verify {$APPBAY_EDGE_TOKEN_SECRET}
	allow roles authp/admin authp/user
	enable strip token
	inject header "Remote-User" from sub
	inject header "Remote-Email" from email
	inject header "Remote-Groups" from roles
}

===== was the input compose modified? =====
traefik input sha256=571417f282386e77e32d956fde779272be65a11c8e4db83c0e4b18ebb6326404
caddy input sha256=571417f282386e77e32d956fde779272be65a11c8e4db83c0e4b18ebb6326404
