Compiling apps from /Users/kundeng/Projects/eval-audit-ops/runs/dockhand-v2/workdir/investigations/2026-09-24-appbay-dockhand-systematic-compose/runs/compile-untouched-20260924/home-caddy/etc/apps...

  + demo           [NEW]
    --- a/demo/docker-compose.rendered.yml
    +++ b/demo/docker-compose.rendered.yml
    @@ -0,0 +1,34 @@
    +# Generated by Appbay — do not edit manually
    +services:
    +  web:
    +    image: traefik/whoami:v1.10
    +    environment:
    +      - WHOAMI_NAME=demo
    +      - ADMIN_PASSWORD=[REDACTED]
    +      - TEAM=platform
    +      - API_TOKEN=[REDACTED]
    +    restart: unless-stopped
    +    container_name: appbay.demo.web
    +    labels:
    +      com.appbay.app: demo
    +      com.appbay.namespace: default
    +    networks:
    +      appbay_shared:
    +        aliases:
    ... (17 more lines)

1 compiled, 0 error(s)
