Compiling apps from /Users/kundeng/Projects/eval-audit-ops/runs/dockhand-v2/workdir/investigations/2026-09-24-appbay-dockhand-systematic-compose/runs/map-form-env-20260924/home/etc/apps...

  + mapform        [NEW]
    --- a/mapform/docker-compose.rendered.yml
    +++ b/mapform/docker-compose.rendered.yml
    @@ -0,0 +1,23 @@
    +# Generated by Appbay — do not edit manually
    +services:
    +  listform:
    +    image: traefik/whoami:v1.10
    +    environment:
    +      - KEEP_ME=important
    +      - GEN_PASSWORD=[REDACTED]
    +      - TEAM=platform
    +      - API_TOKEN=[REDACTED]
    +    container_name: appbay.mapform.listform
    +    labels:
    +      com.appbay.app: mapform
    +      com.appbay.namespace: default
    +  mapform:
    +    image: traefik/whoami:v1.10
    +    environment:
    +      - TEAM=platform
    ... (6 more lines)

1 compiled, 0 error(s)
